{
  "status": "ok",
  "out": "tmp/wf78-clean-tier-roster.json",
  "summary": {
    "active_ticker_count": 300,
    "current_tier_counts": {
      "Tier A": 12,
      "Tier B": 46,
      "Tier C": 242
    },
    "current_state_counts": {
      "A-CHALLENGED": 9,
      "A-WATCH": 3,
      "B-CANDIDATE": 42,
      "B-CHALLENGED": 4,
      "C-CANDIDATE": 18,
      "C-CANDIDATE-REPAIR": 6,
      "C-MONITOR": 217,
      "C-REPAIR": 1
    },
    "lane_tier_counts": {
      "Tier A Equity": 10,
      "Tier A Sleeve": 2,
      "Tier B Equity": 46,
      "Tier C Commodity": 1,
      "Tier C Equity": 233,
      "Tier C Rates/Income": 1,
      "Tier C Sleeve": 7
    },
    "review_lane_counts": {
      "commodity_proxy": 1,
      "equity_depth": 289,
      "rates_income_proxy": 1,
      "sleeve_proxy": 9
    },
    "tier_a_equity_count": 10,
    "tier_a_sleeve_count": 2,
    "tier_a_commodity_count": 0,
    "tier_a_rates_income_count": 0,
    "tier_a_macro_currency_count": 0,
    "tier_a_crypto_proxy_count": 0,
    "true_tier_a_count": 12,
    "true_tier_b_count": 46,
    "true_tier_c_count": 242,
    "legacy_seed_overlap_count": 0,
    "promotion_overlap_count": 4,
    "capital_deployment_approved_count": 0,
    "trade_or_execution_approved_count": 0,
    "source_router_sha256": "9a310a9fdc996ed6c917a488d0be0af7846fa7057d58c340180b9e76d9da33bd",
    "source_router_generated_at_utc": "2026-08-21T00:08:48Z",
    "next_safe_action": "Route current tier questions through this artifact or wf78-auto-tier-routing; use label preview only for audit/apply-preview work."
  },
  "validation": {
    "status": "ok",
    "errors": 0
  }
}
